03/07 16:10:05  App iniciado. Intervalo 5 min | DRY-RUN
03/07 16:10:05  Limpando sessao anterior (login sempre do zero ao abrir)...
03/07 16:10:09     (Edge nao estava aberto; garantindo logoff em disco)
03/07 16:10:11     Edge de automacao fechado.
03/07 16:10:11     (perfil ja estava limpo)
03/07 16:10:11  Iniciando login - aprove o MFA na janela do Edge.
03/07 16:10:45  Login concluido.
03/07 16:10:51  >> Caixa de Entrada:   Inbox 5 não lidas
03/07 16:11:09  >> Pesquisa 'Microsoft Forms' (pasta atual): 5 resultado(s)
03/07 16:11:09  >> 4 e-mail(s) Microsoft Forms NAO lidos que SERIAM processados:
03/07 16:11:09    1. Não lidos Microsoft Forms Nova resposta de AMADEUS | Gestión de usuari
03/07 16:11:09       [DRY-RUN] criaria o chamado no Jira + pegaria o codigo
03/07 16:11:09       [DRY-RUN] encaminharia p/ ['nelsondiniz@ext.cvccorp.com.br'] (nº do chamado no assunto + link clicavel)
03/07 16:11:09       [DRY-RUN] marcaria lido + moveria p/ 'Finalizados'
03/07 16:11:09    2. Não lidos Microsoft Forms Nova resposta de AMADEUS | Gestión de usuari
03/07 16:11:09       [DRY-RUN] criaria o chamado no Jira + pegaria o codigo
03/07 16:11:09       [DRY-RUN] encaminharia p/ ['nelsondiniz@ext.cvccorp.com.br'] (nº do chamado no assunto + link clicavel)
03/07 16:11:09       [DRY-RUN] marcaria lido + moveria p/ 'Finalizados'
03/07 16:11:09    3. Não lidos Microsoft Forms Nova resposta de AMADEUS | Gestión de usuari
03/07 16:11:09       [DRY-RUN] criaria o chamado no Jira + pegaria o codigo
03/07 16:11:09       [DRY-RUN] encaminharia p/ ['nelsondiniz@ext.cvccorp.com.br'] (nº do chamado no assunto + link clicavel)
03/07 16:11:09       [DRY-RUN] marcaria lido + moveria p/ 'Finalizados'
03/07 16:11:09    4. Não lidos Microsoft Forms Nova resposta de Solicitud: Alta usuario Fly
03/07 16:11:09       [DRY-RUN] criaria o chamado no Jira + pegaria o codigo
03/07 16:11:09       [DRY-RUN] encaminharia p/ ['nelsondiniz@ext.cvccorp.com.br'] (nº do chamado no assunto + link clicavel)
03/07 16:11:09       [DRY-RUN] marcaria lido + moveria p/ 'Finalizados'
03/07 16:11:09  >> DRY-RUN: nada aberto/enviado/movido. A caixa NAO foi alterada.
03/07 16:11:13  Ciclo OK: 4 encontrado(s), 0 processado(s).
03/07 16:12:14  Verificacao manual solicitada.
03/07 16:12:17  >> Caixa de Entrada:   Inbox selecionado 
03/07 16:12:31  >> Pesquisa 'Microsoft Forms' (pasta atual): 5 resultado(s)
03/07 16:12:31  >> 4 e-mail(s) Microsoft Forms NAO lidos que SERIAM processados:
03/07 16:12:31    1. Não lidos Microsoft Forms Nova resposta de AMADEUS | Gestión de usuari
03/07 16:12:31       [DRY-RUN] criaria o chamado no Jira + pegaria o codigo
03/07 16:12:31       [DRY-RUN] encaminharia p/ ['nelsondiniz@ext.cvccorp.com.br'] (nº do chamado no assunto + link clicavel)
03/07 16:12:31       [DRY-RUN] marcaria lido + moveria p/ 'Finalizados'
03/07 16:12:31    2. Não lidos Microsoft Forms Nova resposta de AMADEUS | Gestión de usuari
03/07 16:12:31       [DRY-RUN] criaria o chamado no Jira + pegaria o codigo
03/07 16:12:31       [DRY-RUN] encaminharia p/ ['nelsondiniz@ext.cvccorp.com.br'] (nº do chamado no assunto + link clicavel)
03/07 16:12:31       [DRY-RUN] marcaria lido + moveria p/ 'Finalizados'
03/07 16:12:31    3. Não lidos Microsoft Forms Nova resposta de AMADEUS | Gestión de usuari
03/07 16:12:31       [DRY-RUN] criaria o chamado no Jira + pegaria o codigo
03/07 16:12:31       [DRY-RUN] encaminharia p/ ['nelsondiniz@ext.cvccorp.com.br'] (nº do chamado no assunto + link clicavel)
03/07 16:12:31       [DRY-RUN] marcaria lido + moveria p/ 'Finalizados'
03/07 16:12:31    4. Não lidos Microsoft Forms Nova resposta de Solicitud: Alta usuario Fly
03/07 16:12:31       [DRY-RUN] criaria o chamado no Jira + pegaria o codigo
03/07 16:12:31       [DRY-RUN] encaminharia p/ ['nelsondiniz@ext.cvccorp.com.br'] (nº do chamado no assunto + link clicavel)
03/07 16:12:31       [DRY-RUN] marcaria lido + moveria p/ 'Finalizados'
03/07 16:12:31  >> DRY-RUN: nada aberto/enviado/movido. A caixa NAO foi alterada.
03/07 16:12:34  Ciclo OK: 4 encontrado(s), 0 processado(s).
03/07 16:13:06  Verificacao manual solicitada.
03/07 16:13:08  >> Caixa de Entrada:   Inbox selecionado 5 não lidas
03/07 16:13:16  >> Pesquisa 'Microsoft Forms' (pasta atual): 6 resultado(s)
03/07 16:13:16  >> 5 e-mail(s) Microsoft Forms NAO lidos que SERIAM processados:
03/07 16:13:16    1. Não lidos Microsoft Forms Nova resposta de AMADEUS | Gestión de usuari
03/07 16:13:16       [DRY-RUN] criaria o chamado no Jira + pegaria o codigo
03/07 16:13:16       [DRY-RUN] encaminharia p/ ['nelsondiniz@ext.cvccorp.com.br'] (nº do chamado no assunto + link clicavel)
03/07 16:13:16       [DRY-RUN] marcaria lido + moveria p/ 'Finalizados'
03/07 16:13:16    2. Não lidos Microsoft Forms Nova resposta de AMADEUS | Gestión de usuari
03/07 16:13:16       [DRY-RUN] criaria o chamado no Jira + pegaria o codigo
03/07 16:13:16       [DRY-RUN] encaminharia p/ ['nelsondiniz@ext.cvccorp.com.br'] (nº do chamado no assunto + link clicavel)
03/07 16:13:16       [DRY-RUN] marcaria lido + moveria p/ 'Finalizados'
03/07 16:13:16    3. Não lidos Microsoft Forms Nova resposta de AMADEUS | Gestión de usuari
03/07 16:13:16       [DRY-RUN] criaria o chamado no Jira + pegaria o codigo
03/07 16:13:16       [DRY-RUN] encaminharia p/ ['nelsondiniz@ext.cvccorp.com.br'] (nº do chamado no assunto + link clicavel)
03/07 16:13:16       [DRY-RUN] marcaria lido + moveria p/ 'Finalizados'
03/07 16:13:16    4. Não lidos Microsoft Forms Nova resposta de Solicitud: Alta usuario Fly
03/07 16:13:16       [DRY-RUN] criaria o chamado no Jira + pegaria o codigo
03/07 16:13:16       [DRY-RUN] encaminharia p/ ['nelsondiniz@ext.cvccorp.com.br'] (nº do chamado no assunto + link clicavel)
03/07 16:13:16       [DRY-RUN] marcaria lido + moveria p/ 'Finalizados'
03/07 16:13:16    5. Não lidos Microsoft Forms Nova resposta de Solicitud: Alta usuario Fly
03/07 16:13:16       [DRY-RUN] criaria o chamado no Jira + pegaria o codigo
03/07 16:13:16       [DRY-RUN] encaminharia p/ ['nelsondiniz@ext.cvccorp.com.br'] (nº do chamado no assunto + link clicavel)
03/07 16:13:16       [DRY-RUN] marcaria lido + moveria p/ 'Finalizados'
03/07 16:13:16  >> DRY-RUN: nada aberto/enviado/movido. A caixa NAO foi alterada.
03/07 16:13:18  Ciclo OK: 5 encontrado(s), 0 processado(s).
